[
  {
    "plan": "plans/2026-09-08-ga-ecwh-typed-worker-receipts.md",
    "plan_hash": "330f42a534f12d48cbea9862a67676201ffb10b632b92ca80dbfbb3690b764cf",
    "tracker_hash": "318756c59658f414d3f7f1815bb6e200686f3f4d24d082fc0dfd8a2c9f7e5781",
    "synced_at": "2026-09-08T10:15:26.105586+02:00"
  },
  {
    "plan": "plans/2026-09-08-ga-ecwh-typed-worker-receipts.md",
    "plan_hash": "330f42a534f12d48cbea9862a67676201ffb10b632b92ca80dbfbb3690b764cf",
    "tracker_hash": "318756c59658f414d3f7f1815bb6e200686f3f4d24d082fc0dfd8a2c9f7e5781",
    "synced_at": "2026-09-08T13:22:04.826991+02:00"
  },
  {
    "plan": "plans/2026-09-08-ga-ecwh-typed-worker-receipts.md",
    "plan_hash": "de6df2e21ca9955047d16f5a87bb40acbdb022681ebba59468023e8e15ebd76c",
    "tracker_hash": "76855fad50151c7eea9eb518d985ab0724baf3659ba528ce61c514554c48d225",
    "synced_at": "2026-09-08T15:23:37.469554+02:00"
  },
  {
    "plan": "plans/2026-09-08-ga-ecwh-typed-worker-receipts.md",
    "plan_hash": "de6df2e21ca9955047d16f5a87bb40acbdb022681ebba59468023e8e15ebd76c",
    "tracker_hash": "862294018fcb1df28d656f5d263bddedd7eda2df40f00a628bc27fa197dce491",
    "synced_at": "2026-09-08T15:23:43.726815+02:00"
  },
  {
    "plan": "plans/2026-09-08-ga-ecwh-typed-worker-receipts.md",
    "plan_hash": "de6df2e21ca9955047d16f5a87bb40acbdb022681ebba59468023e8e15ebd76c",
    "tracker_hash": "424c2df3ec720944f6e8eba832800a183ef3e4cdc0a26eed864153486f9d21d6",
    "synced_at": "2026-09-08T15:35:59.662409+02:00"
  },
  {
    "plan": "plans/2026-09-08-ga-ecwh-typed-worker-receipts.md",
    "plan_hash": "de6df2e21ca9955047d16f5a87bb40acbdb022681ebba59468023e8e15ebd76c",
    "tracker_hash": "726684e362721b9ac8dc83994c3c6cf8b24648944078603b6340cab22ee1e077",
    "synced_at": "2026-09-08T15:54:15.747497+02:00"
  },
  {
    "plan": "plans/2026-09-08-ga-ecwh-typed-worker-receipts.md",
    "plan_hash": "de6df2e21ca9955047d16f5a87bb40acbdb022681ebba59468023e8e15ebd76c",
    "tracker_hash": "726684e362721b9ac8dc83994c3c6cf8b24648944078603b6340cab22ee1e077",
    "synced_at": "2026-09-08T16:02:29.654939+02:00"
  },
  {
    "plan": "plans/2026-09-08-ga-ecwh-typed-worker-receipts.md",
    "plan_hash": "de6df2e21ca9955047d16f5a87bb40acbdb022681ebba59468023e8e15ebd76c",
    "tracker_hash": "2f0507e6a9076f6b2850c0850f1a50e2b055f826368a35e817387599d9ed5fe6",
    "synced_at": "2026-09-08T16:47:49.825207+02:00"
  },
  {
    "plan": "plans/2026-09-08-ga-ecwh-typed-worker-receipts.md",
    "plan_hash": "de6df2e21ca9955047d16f5a87bb40acbdb022681ebba59468023e8e15ebd76c",
    "tracker_hash": "f2e7788dbc0639937934f6f7b01cd5f368a2dda3556a574b67cb91bce7307c82",
    "synced_at": "2026-09-08T16:54:34.781133+02:00"
  },
  {
    "plan": "plans/2026-09-08-ga-ecwh-typed-worker-receipts.md",
    "plan_hash": "b52ae5f46db6a599f410b58a6291e5a8a607867067a1b70ecb1970feb967b4a0",
    "tracker_hash": "0fc8f4e820520fad07978e81e1fe2ce422047b495729108a83a20c9ccd9d6ebe",
    "synced_at": "2026-09-09T05:39:57.018415+02:00"
  },
  {
    "plan": "engdocs/workflow/plans/2026-09-08-ga-ecwh-typed-worker-receipts.md",
    "plan_hash": "1de6ba0c7ca423ea54d3a46a4b6d16a8e380fc611b381b5948a8680f5662cd3b",
    "tracker_hash": "0fc8f4e820520fad07978e81e1fe2ce422047b495729108a83a20c9ccd9d6ebe",
    "synced_at": "2026-09-09T05:58:36.134599+02:00"
  },
  {
    "plan": "engdocs/workflow/plans/2026-09-08-ga-ecwh-typed-worker-receipts.md",
    "plan_hash": "1de6ba0c7ca423ea54d3a46a4b6d16a8e380fc611b381b5948a8680f5662cd3b",
    "tracker_hash": "d7f2b0fc1ff5c8878c171da983f23d8cfcfdeaedb0ad12531a202bbf17ce91fd",
    "synced_at": "2026-09-09T06:38:51.460063+02:00"
  },
  {
    "plan": "engdocs/workflow/plans/2026-09-08-ga-ecwh-typed-worker-receipts.md",
    "plan_hash": "1de6ba0c7ca423ea54d3a46a4b6d16a8e380fc611b381b5948a8680f5662cd3b",
    "tracker_hash": "928923885c474fa59b5debb5ad80dcc0b24e098613adb86075a3d8acbc0c1dda",
    "synced_at": "2026-09-09T07:00:36.396251+02:00"
  },
  {
    "plan": "engdocs/workflow/plans/2026-09-08-ga-ecwh-typed-worker-receipts.md",
    "plan_hash": "1de6ba0c7ca423ea54d3a46a4b6d16a8e380fc611b381b5948a8680f5662cd3b",
    "tracker_hash": "928923885c474fa59b5debb5ad80dcc0b24e098613adb86075a3d8acbc0c1dda",
    "synced_at": "2026-09-09T07:07:07.813593+02:00"
  },
  {
    "plan": "engdocs/workflow/plans/2026-09-08-ga-ecwh-typed-worker-receipts.md",
    "plan_hash": "1de6ba0c7ca423ea54d3a46a4b6d16a8e380fc611b381b5948a8680f5662cd3b",
    "tracker_hash": "21c50a7a5c5677a403cc5fd762ef28efad824e7420b63c09831bd5da69f7f871",
    "synced_at": "2026-09-09T07:43:03.395049+02:00"
  },
  {
    "plan": "engdocs/workflow/plans/2026-09-08-ga-ecwh-typed-worker-receipts.md",
    "plan_hash": "1de6ba0c7ca423ea54d3a46a4b6d16a8e380fc611b381b5948a8680f5662cd3b",
    "tracker_hash": "21c50a7a5c5677a403cc5fd762ef28efad824e7420b63c09831bd5da69f7f871",
    "synced_at": "2026-09-09T07:45:33.211287+02:00"
  },
  {
    "plan": "engdocs/workflow/plans/2026-09-08-ga-ecwh-typed-worker-receipts.md",
    "plan_hash": "1de6ba0c7ca423ea54d3a46a4b6d16a8e380fc611b381b5948a8680f5662cd3b",
    "tracker_hash": "ea3e13e997ac483e6cfad3cd97805791fbc57cd27f9a00f0515b36e34e22a371",
    "synced_at": "2026-09-09T09:04:22.294254+02:00"
  },
  {
    "plan": "engdocs/workflow/plans/2026-09-08-ga-ecwh-typed-worker-receipts.md",
    "plan_hash": "1de6ba0c7ca423ea54d3a46a4b6d16a8e380fc611b381b5948a8680f5662cd3b",
    "tracker_hash": "ea3e13e997ac483e6cfad3cd97805791fbc57cd27f9a00f0515b36e34e22a371",
    "synced_at": "2026-09-09T09:20:08.407329+02:00"
  },
  {
    "plan": "engdocs/workflow/plans/2026-09-08-ga-ecwh-typed-worker-receipts.md",
    "plan_hash": "1de6ba0c7ca423ea54d3a46a4b6d16a8e380fc611b381b5948a8680f5662cd3b",
    "tracker_hash": "7bb647ed0acbc6719168e8b43578e95372998220b3f705b7d26b0c068f93cbb7",
    "synced_at": "2026-09-09T09:59:47.894345+02:00"
  },
  {
    "plan": "engdocs/workflow/plans/2026-09-08-ga-ecwh-typed-worker-receipts.md",
    "plan_hash": "1de6ba0c7ca423ea54d3a46a4b6d16a8e380fc611b381b5948a8680f5662cd3b",
    "tracker_hash": "7bb647ed0acbc6719168e8b43578e95372998220b3f705b7d26b0c068f93cbb7",
    "synced_at": "2026-09-09T10:42:59.168852+02:00"
  },
  {
    "plan": "engdocs/workflow/plans/2026-09-08-ga-ecwh-typed-worker-receipts.md",
    "plan_hash": "1de6ba0c7ca423ea54d3a46a4b6d16a8e380fc611b381b5948a8680f5662cd3b",
    "tracker_hash": "58e5ddee784273c49b68d60eee767275ca20df8a89505584421034e2f81b2131",
    "synced_at": "2026-09-09T11:57:19.908553+02:00"
  },
  {
    "plan": "engdocs/workflow/plans/2026-09-08-ga-ecwh-typed-worker-receipts.md",
    "plan_hash": "1de6ba0c7ca423ea54d3a46a4b6d16a8e380fc611b381b5948a8680f5662cd3b",
    "tracker_hash": "55e6fb5ce23da0904f52ba74049a46196724675e9a5246c64d6538e60d322f48",
    "synced_at": "2026-09-09T12:55:56.833916+02:00"
  },
  {
    "plan": "engdocs/workflow/plans/2026-09-08-ga-ecwh-typed-worker-receipts.md",
    "plan_hash": "1de6ba0c7ca423ea54d3a46a4b6d16a8e380fc611b381b5948a8680f5662cd3b",
    "tracker_hash": "55e6fb5ce23da0904f52ba74049a46196724675e9a5246c64d6538e60d322f48",
    "synced_at": "2026-09-09T13:10:09.487783+02:00"
  },
  {
    "plan": "engdocs/workflow/plans/2026-09-08-ga-ecwh-typed-worker-receipts.md",
    "plan_hash": "1de6ba0c7ca423ea54d3a46a4b6d16a8e380fc611b381b5948a8680f5662cd3b",
    "tracker_hash": "be0bf413d1bdf5eb91d777151e03fcc4885309d1f3c66970ac39ee5eb4c2c412",
    "synced_at": "2026-09-09T13:33:13.663302+02:00"
  },
  {
    "plan": "engdocs/workflow/plans/2026-09-08-ga-ecwh-typed-worker-receipts.md",
    "plan_hash": "1de6ba0c7ca423ea54d3a46a4b6d16a8e380fc611b381b5948a8680f5662cd3b",
    "tracker_hash": "229f482ce76255e5fe5673b3bbf2b10c68f17ed29f2f88ebb4e5ed2f5c8697c6",
    "synced_at": "2026-09-09T13:37:31.910751+02:00"
  },
  {
    "plan": "engdocs/workflow/plans/2026-09-08-ga-ecwh-typed-worker-receipts.md",
    "plan_hash": "1de6ba0c7ca423ea54d3a46a4b6d16a8e380fc611b381b5948a8680f5662cd3b",
    "tracker_hash": "acc62c2e31414d4f65af9cea7a05da5849ef42a4731a61cb54520fe53ae80e41",
    "synced_at": "2026-09-09T14:35:36.225427+02:00"
  },
  {
    "plan": "engdocs/workflow/plans/2026-09-08-ga-ecwh-typed-worker-receipts.md",
    "plan_hash": "1de6ba0c7ca423ea54d3a46a4b6d16a8e380fc611b381b5948a8680f5662cd3b",
    "tracker_hash": "3518691f3ca1dd6f6c7bb3845f14c5ab465bfdc6656d51e37fb17712c2bb6e45",
    "synced_at": "2026-09-09T14:46:25.684870+02:00"
  },
  {
    "plan": "engdocs/workflow/plans/2026-09-08-ga-ecwh-typed-worker-receipts.md",
    "plan_hash": "1de6ba0c7ca423ea54d3a46a4b6d16a8e380fc611b381b5948a8680f5662cd3b",
    "tracker_hash": "3518691f3ca1dd6f6c7bb3845f14c5ab465bfdc6656d51e37fb17712c2bb6e45",
    "synced_at": "2026-09-09T15:22:35.929104+02:00"
  },
  {
    "plan": "engdocs/workflow/plans/2026-09-08-ga-ecwh-typed-worker-receipts.md",
    "plan_hash": "1de6ba0c7ca423ea54d3a46a4b6d16a8e380fc611b381b5948a8680f5662cd3b",
    "tracker_hash": "56586eb6e0f069f2738ddf586b71095e1e57b62eba7d835246030098d06eee08",
    "synced_at": "2026-09-09T15:39:54.575041+02:00"
  },
  {
    "plan": "engdocs/workflow/plans/2026-09-08-ga-ecwh-typed-worker-receipts.md",
    "plan_hash": "1de6ba0c7ca423ea54d3a46a4b6d16a8e380fc611b381b5948a8680f5662cd3b",
    "tracker_hash": "56586eb6e0f069f2738ddf586b71095e1e57b62eba7d835246030098d06eee08",
    "synced_at": "2026-09-09T19:45:45.440969+02:00"
  },
  {
    "plan": "engdocs/workflow/plans/2026-09-08-ga-ecwh-typed-worker-receipts.md",
    "plan_hash": "d3b6d161f4aaea68e7ae1ca8d77e59aefac662a91cd13e5800f07523bd77abe8",
    "tracker_hash": "a00fdc562d8eb874927020f30854738e9d4d2037ee043b95af9a9f91f2be049d",
    "synced_at": "2026-09-10T10:44:14.316493+02:00"
  },
  {
    "plan": "engdocs/workflow/plans/2026-09-08-ga-ecwh-typed-worker-receipts.md",
    "plan_hash": "d3b6d161f4aaea68e7ae1ca8d77e59aefac662a91cd13e5800f07523bd77abe8",
    "tracker_hash": "ea2cbaf7e5a78363dfef6710a2f0b3c4b56c5e3dd510a0b2a7049993cb6e1aca",
    "synced_at": "2026-09-10T17:38:35.689258+02:00"
  },
  {
    "plan": "engdocs/workflow/plans/2026-09-08-ga-ecwh-typed-worker-receipts.md",
    "plan_hash": "227da2c6d29488f0c5dba93f3c793624c2ceba21a324867685877b115c64a37a",
    "tracker_hash": "597da684207259b30f6d375433e25659b963bfb5c6df281dbaec7da056ee644f",
    "synced_at": "2026-09-10T17:55:51.913019+02:00"
  },
  {
    "plan": "engdocs/workflow/plans/2026-09-08-ga-ecwh-typed-worker-receipts.md",
    "plan_hash": "227da2c6d29488f0c5dba93f3c793624c2ceba21a324867685877b115c64a37a",
    "tracker_hash": "597da684207259b30f6d375433e25659b963bfb5c6df281dbaec7da056ee644f",
    "synced_at": "2026-09-10T18:04:18.843530+02:00"
  },
  {
    "plan": "engdocs/workflow/plans/2026-09-08-ga-ecwh-typed-worker-receipts.md",
    "plan_hash": "3e0d4f7770dc5bc6a0d7631ff8b4df9d15e82a91d57db89a001fa36b067ad7a9",
    "tracker_hash": "cd1e3129233b2079852c72f592314cf2727087711c6d6f8e425ef273df727750",
    "synced_at": "2026-09-10T18:16:31.090615+02:00"
  },
  {
    "plan": "engdocs/workflow/plans/2026-09-08-ga-ecwh-typed-worker-receipts.md",
    "plan_hash": "3e0d4f7770dc5bc6a0d7631ff8b4df9d15e82a91d57db89a001fa36b067ad7a9",
    "tracker_hash": "cd1e3129233b2079852c72f592314cf2727087711c6d6f8e425ef273df727750",
    "synced_at": "2026-09-10T18:20:27.607000+02:00"
  },
  {
    "plan": "engdocs/workflow/plans/2026-09-08-ga-ecwh-typed-worker-receipts.md",
    "plan_hash": "3e0d4f7770dc5bc6a0d7631ff8b4df9d15e82a91d57db89a001fa36b067ad7a9",
    "tracker_hash": "cfad559d5221fc7f83648a6e010a4c47cc3a163a752da69227c51b0c01db5e25",
    "synced_at": "2026-09-10T18:24:53.837737+02:00"
  },
  {
    "plan": "engdocs/workflow/plans/2026-09-08-ga-ecwh-typed-worker-receipts.md",
    "plan_hash": "07934180d859e4a48f0d716e1f26628072de9d0024296828c448175e81a6e58e",
    "tracker_hash": "cfad559d5221fc7f83648a6e010a4c47cc3a163a752da69227c51b0c01db5e25",
    "synced_at": "2026-09-10T18:28:26.440391+02:00"
  },
  {
    "plan": "engdocs/workflow/plans/2026-09-08-ga-ecwh-typed-worker-receipts.md",
    "plan_hash": "07934180d859e4a48f0d716e1f26628072de9d0024296828c448175e81a6e58e",
    "tracker_hash": "cfad559d5221fc7f83648a6e010a4c47cc3a163a752da69227c51b0c01db5e25",
    "synced_at": "2026-09-10T18:34:00.412161+02:00"
  },
  {
    "plan": "engdocs/workflow/plans/2026-09-08-ga-ecwh-typed-worker-receipts.md",
    "plan_hash": "7a951909d0634531e7142bda2ab0e47ce1a7de1a08755a8f535f437295809aee",
    "tracker_hash": "d748366d96cf9c4a34496ae9b6a9c9d995689242b30e04f096094e42dbdbfa2d",
    "synced_at": "2026-09-10T18:54:51.471891+02:00"
  },
  {
    "plan": "engdocs/workflow/plans/2026-09-08-ga-ecwh-typed-worker-receipts.md",
    "plan_hash": "7a951909d0634531e7142bda2ab0e47ce1a7de1a08755a8f535f437295809aee",
    "tracker_hash": "d748366d96cf9c4a34496ae9b6a9c9d995689242b30e04f096094e42dbdbfa2d",
    "synced_at": "2026-09-10T19:04:41.305198+02:00"
  },
  {
    "plan": "engdocs/workflow/plans/2026-09-08-ga-ecwh-typed-worker-receipts.md",
    "plan_hash": "89cd6cbed37e6729149997a057a9e3be78f65a9e4a4e4675eb8dc9f6647cdc09",
    "tracker_hash": "631db3e354e8839ce1f4e7b7003c0fa470f241d9f9cad8a1888e08ad68185ec1",
    "synced_at": "2026-09-10T19:24:20.181808+02:00"
  },
  {
    "plan": "engdocs/workflow/plans/2026-09-08-ga-ecwh-typed-worker-receipts.md",
    "plan_hash": "89cd6cbed37e6729149997a057a9e3be78f65a9e4a4e4675eb8dc9f6647cdc09",
    "tracker_hash": "631db3e354e8839ce1f4e7b7003c0fa470f241d9f9cad8a1888e08ad68185ec1",
    "synced_at": "2026-09-10T19:33:56.131831+02:00"
  },
  {
    "plan": "engdocs/workflow/plans/2026-09-08-ga-ecwh-typed-worker-receipts.md",
    "plan_hash": "1c6dcc22baaa5849b3338987236666b55f256fb57d963e815776e200ae8dd4cf",
    "tracker_hash": "2abe731eae48df2c7e5a6f93a7088a0b6eaf2a6bda1216b2d4a9a15a57c07b8f",
    "synced_at": "2026-09-10T19:43:26.410353+02:00"
  },
  {
    "plan": "engdocs/workflow/plans/2026-09-08-ga-ecwh-typed-worker-receipts.md",
    "plan_hash": "1c6dcc22baaa5849b3338987236666b55f256fb57d963e815776e200ae8dd4cf",
    "tracker_hash": "2abe731eae48df2c7e5a6f93a7088a0b6eaf2a6bda1216b2d4a9a15a57c07b8f",
    "synced_at": "2026-09-10T19:53:48.871157+02:00"
  },
  {
    "plan": "engdocs/workflow/plans/2026-09-08-ga-ecwh-typed-worker-receipts.md",
    "plan_hash": "c75d2e7efb4ffa859d27064033f693fcda934cc2402b7d6b7207c6043e4f3475",
    "tracker_hash": "dd279b1c6f31bbe82ce22e1a145c1b3889fe0eb724e346f6f46ae49416269a0e",
    "synced_at": "2026-09-10T19:59:32.587886+02:00"
  },
  {
    "plan": "engdocs/workflow/plans/2026-09-08-ga-ecwh-typed-worker-receipts.md",
    "plan_hash": "c75d2e7efb4ffa859d27064033f693fcda934cc2402b7d6b7207c6043e4f3475",
    "tracker_hash": "dd279b1c6f31bbe82ce22e1a145c1b3889fe0eb724e346f6f46ae49416269a0e",
    "synced_at": "2026-09-10T20:05:04.199982+02:00"
  },
  {
    "plan": "engdocs/workflow/plans/2026-09-08-ga-ecwh-typed-worker-receipts.md",
    "plan_hash": "6d5d4c34fa5e81106d8ed90eb2dec2c8d0b149382cf126014b016eb60adc6a00",
    "tracker_hash": "2809f03a2ff51ab0689ced1cb3a1944b0a451a484f0a3de2ef193757d42f5b7b",
    "synced_at": "2026-09-10T20:39:26.368085+02:00"
  },
  {
    "plan": "engdocs/workflow/plans/2026-09-08-ga-ecwh-typed-worker-receipts.md",
    "plan_hash": "6d5d4c34fa5e81106d8ed90eb2dec2c8d0b149382cf126014b016eb60adc6a00",
    "tracker_hash": "2809f03a2ff51ab0689ced1cb3a1944b0a451a484f0a3de2ef193757d42f5b7b",
    "synced_at": "2026-09-10T20:44:14.841180+02:00"
  },
  {
    "plan": "engdocs/workflow/plans/2026-09-08-ga-ecwh-typed-worker-receipts.md",
    "plan_hash": "a2004a40ee4167cce410b8e840f55ea30a296cecba04effd7288a1e2334f1181",
    "tracker_hash": "502e76cb171c25c8a0137176abd5dcc11b2de337f70eb28685eb4ea63fe483e9",
    "synced_at": "2026-09-10T20:59:14.998170+02:00"
  },
  {
    "plan": "engdocs/workflow/plans/2026-09-08-ga-ecwh-typed-worker-receipts.md",
    "plan_hash": "a2004a40ee4167cce410b8e840f55ea30a296cecba04effd7288a1e2334f1181",
    "tracker_hash": "502e76cb171c25c8a0137176abd5dcc11b2de337f70eb28685eb4ea63fe483e9",
    "synced_at": "2026-09-10T21:07:42.506720+02:00"
  },
  {
    "plan": "engdocs/workflow/plans/2026-09-08-ga-ecwh-typed-worker-receipts.md",
    "plan_hash": "4580b422b76002ed5b36435f3331ad1ad83e11b2b9a9674d1090cee4eae9f325",
    "tracker_hash": "074a86721b875fd7851cf54333ee9e1372981d62ae2084742f1b2eccbc0e0cfe",
    "synced_at": "2026-09-10T21:18:06.074199+02:00"
  },
  {
    "plan": "engdocs/workflow/plans/2026-09-08-ga-ecwh-typed-worker-receipts.md",
    "plan_hash": "4580b422b76002ed5b36435f3331ad1ad83e11b2b9a9674d1090cee4eae9f325",
    "tracker_hash": "074a86721b875fd7851cf54333ee9e1372981d62ae2084742f1b2eccbc0e0cfe",
    "synced_at": "2026-09-10T21:26:53.656851+02:00"
  },
  {
    "plan": "engdocs/workflow/plans/2026-09-08-ga-ecwh-typed-worker-receipts.md",
    "plan_hash": "492ddaaee240ddcc21b8c4e9abe195fdae5e4ac0420649b3e8df85a03fecc167",
    "tracker_hash": "9d54ed25a58261774da54be71f3686519931cb1ee5736d71016ca0bdf9b515fd",
    "synced_at": "2026-09-10T21:50:28.425052+02:00"
  },
  {
    "plan": "engdocs/workflow/plans/2026-09-08-ga-ecwh-typed-worker-receipts.md",
    "plan_hash": "492ddaaee240ddcc21b8c4e9abe195fdae5e4ac0420649b3e8df85a03fecc167",
    "tracker_hash": "9d54ed25a58261774da54be71f3686519931cb1ee5736d71016ca0bdf9b515fd",
    "synced_at": "2026-09-10T21:53:06.557942+02:00"
  },
  {
    "plan": "engdocs/workflow/plans/2026-09-08-ga-ecwh-typed-worker-receipts.md",
    "plan_hash": "492ddaaee240ddcc21b8c4e9abe195fdae5e4ac0420649b3e8df85a03fecc167",
    "tracker_hash": "9d54ed25a58261774da54be71f3686519931cb1ee5736d71016ca0bdf9b515fd",
    "synced_at": "2026-09-10T22:09:56.527872+02:00"
  },
  {
    "plan": "engdocs/workflow/plans/2026-09-08-ga-ecwh-typed-worker-receipts.md",
    "plan_hash": "492ddaaee240ddcc21b8c4e9abe195fdae5e4ac0420649b3e8df85a03fecc167",
    "tracker_hash": "9d54ed25a58261774da54be71f3686519931cb1ee5736d71016ca0bdf9b515fd",
    "synced_at": "2026-09-10T22:16:30.156185+02:00"
  },
  {
    "plan": "engdocs/workflow/plans/2026-09-08-ga-ecwh-typed-worker-receipts.md",
    "plan_hash": "492ddaaee240ddcc21b8c4e9abe195fdae5e4ac0420649b3e8df85a03fecc167",
    "tracker_hash": "19841710140bd4bbcf34c4e96fe33f86a96018d00133e5bf86a2c29637ee925a",
    "synced_at": "2026-09-10T22:28:48.988968+02:00"
  },
  {
    "plan": "engdocs/workflow/plans/2026-09-08-ga-ecwh-typed-worker-receipts.md",
    "plan_hash": "492ddaaee240ddcc21b8c4e9abe195fdae5e4ac0420649b3e8df85a03fecc167",
    "tracker_hash": "19841710140bd4bbcf34c4e96fe33f86a96018d00133e5bf86a2c29637ee925a",
    "synced_at": "2026-09-10T23:06:52.510271+02:00"
  },
  {
    "plan": "engdocs/workflow/plans/2026-09-08-ga-ecwh-typed-worker-receipts.md",
    "plan_hash": "492ddaaee240ddcc21b8c4e9abe195fdae5e4ac0420649b3e8df85a03fecc167",
    "tracker_hash": "e40fb25872ddf679fb1cd88d875fb808bbc81f4fdb84d3ed0fbf2e49ff06f29d",
    "synced_at": "2026-09-10T23:15:04.791891+02:00"
  },
  {
    "plan": "engdocs/workflow/plans/2026-09-08-ga-ecwh-typed-worker-receipts.md",
    "plan_hash": "a9ea5ec9235149c24bfff3a1a3a16d0cb220fff083b2dce09ecdbdd9fa9b5508",
    "tracker_hash": "e40fb25872ddf679fb1cd88d875fb808bbc81f4fdb84d3ed0fbf2e49ff06f29d",
    "synced_at": "2026-09-10T23:17:17.169601+02:00"
  },
  {
    "plan": "engdocs/workflow/plans/2026-09-08-ga-ecwh-typed-worker-receipts.md",
    "plan_hash": "a9ea5ec9235149c24bfff3a1a3a16d0cb220fff083b2dce09ecdbdd9fa9b5508",
    "tracker_hash": "e40fb25872ddf679fb1cd88d875fb808bbc81f4fdb84d3ed0fbf2e49ff06f29d",
    "synced_at": "2026-09-10T23:26:12.342594+02:00"
  },
  {
    "plan": "engdocs/workflow/plans/2026-09-08-ga-ecwh-typed-worker-receipts.md",
    "plan_hash": "949d6d51ac3fcf7d6c93dc24e47f02f1b8de2b8ea9dd596f09f8d81d0662d4c3",
    "tracker_hash": "96cc867ca8182cf104277a97fdbd961158a4462c931462f3872353b610e27bce",
    "synced_at": "2026-09-10T23:40:22.263418+02:00"
  },
  {
    "plan": "engdocs/workflow/plans/2026-09-08-ga-ecwh-typed-worker-receipts.md",
    "plan_hash": "949d6d51ac3fcf7d6c93dc24e47f02f1b8de2b8ea9dd596f09f8d81d0662d4c3",
    "tracker_hash": "96cc867ca8182cf104277a97fdbd961158a4462c931462f3872353b610e27bce",
    "synced_at": "2026-09-10T23:45:38.214203+02:00"
  },
  {
    "plan": "engdocs/workflow/plans/2026-09-08-ga-ecwh-typed-worker-receipts.md",
    "plan_hash": "b1706bdb1887981bd0262c54389bb7dd6047aa4db09455ccd2f5290014ede6ed",
    "tracker_hash": "674aa61a6bca1001c19124d99fb9bd950140d52036f098ba9da082ed96ede316",
    "synced_at": "2026-09-10T23:54:22.803209+02:00"
  },
  {
    "plan": "engdocs/workflow/plans/2026-09-08-ga-ecwh-typed-worker-receipts.md",
    "plan_hash": "b1706bdb1887981bd0262c54389bb7dd6047aa4db09455ccd2f5290014ede6ed",
    "tracker_hash": "bb4c4701f583a41039a72f206e6bbe74c8e160fc3bd40f4c9579d1f0f41370ae",
    "synced_at": "2026-09-11T00:27:57.375033+02:00"
  },
  {
    "plan": "engdocs/workflow/plans/2026-09-08-ga-ecwh-typed-worker-receipts.md",
    "plan_hash": "b1706bdb1887981bd0262c54389bb7dd6047aa4db09455ccd2f5290014ede6ed",
    "tracker_hash": "bb4c4701f583a41039a72f206e6bbe74c8e160fc3bd40f4c9579d1f0f41370ae",
    "synced_at": "2026-09-11T00:27:59.161975+02:00"
  },
  {
    "plan": "engdocs/workflow/plans/2026-09-08-ga-ecwh-typed-worker-receipts.md",
    "plan_hash": "467c5ed3a4d88591fa1875dfd35345bbb2e3ba52daf369e352edd84a6df1c775",
    "tracker_hash": "215845494de4dce8d677c6029aa88e552f1257d42fe63a137ca845689609dfcc",
    "synced_at": "2026-09-11T00:49:38.095077+02:00"
  },
  {
    "plan": "engdocs/workflow/plans/2026-09-08-ga-ecwh-typed-worker-receipts.md",
    "plan_hash": "09365acf4bc57408cdf2ef069614bbd56b4643fcfc547dccc025e0a148d78294",
    "tracker_hash": "9d3be57457f1b4334cd7e58084a4864ae9700dca961e3fa1a8f29f48cff3d4da",
    "synced_at": "2026-09-11T01:00:53.758337+02:00"
  },
  {
    "plan": "engdocs/workflow/plans/2026-09-08-ga-ecwh-typed-worker-receipts.md",
    "plan_hash": "09365acf4bc57408cdf2ef069614bbd56b4643fcfc547dccc025e0a148d78294",
    "tracker_hash": "9d3be57457f1b4334cd7e58084a4864ae9700dca961e3fa1a8f29f48cff3d4da",
    "synced_at": "2026-09-11T01:18:44.566267+02:00"
  },
  {
    "plan": "engdocs/workflow/plans/2026-09-08-ga-ecwh-typed-worker-receipts.md",
    "plan_hash": "819d7142985135ed1cff48a7822f1adc7c2c382e5420f91bf935505375616917",
    "tracker_hash": "4261bee89b074eb448bf64a35d5cdca6cf2a789027d44a6ac2db7909dfc2b275",
    "synced_at": "2026-09-11T01:21:20.816656+02:00"
  },
  {
    "plan": "engdocs/workflow/plans/2026-09-08-ga-ecwh-typed-worker-receipts.md",
    "plan_hash": "ed70881667e9d5088c98149d0df1a788342553c7a8c2d3a3b4013d3dabdf39e6",
    "tracker_hash": "e9e0340a200401f837d7a4c0dfbfe8beabd6c04599229b70076df26cc92f1d45",
    "synced_at": "2026-09-11T05:57:52.011428+02:00"
  },
  {
    "plan": "engdocs/workflow/plans/2026-09-08-ga-ecwh-typed-worker-receipts.md",
    "plan_hash": "d6dc500ac35fc8c71c22ed61943d4be0b9bc18c610ebc43f5665720aadc04262",
    "tracker_hash": "1f450f9f863969eaf257076abee314dc5889e02647a69b350f9b02645c5a042e",
    "synced_at": "2026-09-11T06:09:41.099915+02:00"
  },
  {
    "plan": "engdocs/workflow/plans/2026-09-08-ga-ecwh-typed-worker-receipts.md",
    "plan_hash": "2fcf1cf123c403f27235215ac5eb9b4b5585c03b6e08c070e0eaa3316c3f17fa",
    "tracker_hash": "a743be4dfaa0cbe42aac4759cc9d41f8d2dfdbe7535ae648421f091969d01b12",
    "synced_at": "2026-09-11T06:15:19.582092+02:00"
  },
  {
    "plan": "engdocs/workflow/plans/2026-09-08-ga-ecwh-typed-worker-receipts.md",
    "plan_hash": "c5dc2d17381b5514089398dc0db45920c633b27133d74e173c67d8d99a77ddd5",
    "tracker_hash": "60061a1c42f593818a11ebf9f69fe9fb4ccdbc91da8032eae7b0ce93af611e34",
    "synced_at": "2026-09-11T06:39:57.064099+02:00"
  },
  {
    "plan": "engdocs/workflow/plans/2026-09-08-ga-ecwh-typed-worker-receipts.md",
    "plan_hash": "c5dc2d17381b5514089398dc0db45920c633b27133d74e173c67d8d99a77ddd5",
    "tracker_hash": "60061a1c42f593818a11ebf9f69fe9fb4ccdbc91da8032eae7b0ce93af611e34",
    "synced_at": "2026-09-11T06:44:47.788367+02:00"
  },
  {
    "plan": "engdocs/workflow/plans/2026-09-08-ga-ecwh-typed-worker-receipts.md",
    "plan_hash": "c5dc2d17381b5514089398dc0db45920c633b27133d74e173c67d8d99a77ddd5",
    "tracker_hash": "60061a1c42f593818a11ebf9f69fe9fb4ccdbc91da8032eae7b0ce93af611e34",
    "synced_at": "2026-09-11T06:51:24.426218+02:00"
  },
  {
    "plan": "engdocs/workflow/plans/2026-09-08-ga-ecwh-typed-worker-receipts.md",
    "plan_hash": "4764a99cd2805364fa0ae3fe236783fe02b802db9fa601055dee8572d772df1a",
    "tracker_hash": "e5e4c2826c8fc088d04072d776d21bf43b87e6b114bd1bd6dc8eb272efdd9b65",
    "synced_at": "2026-09-11T06:53:53.079905+02:00"
  },
  {
    "plan": "engdocs/workflow/plans/2026-09-08-ga-ecwh-typed-worker-receipts.md",
    "plan_hash": "4764a99cd2805364fa0ae3fe236783fe02b802db9fa601055dee8572d772df1a",
    "tracker_hash": "e5e4c2826c8fc088d04072d776d21bf43b87e6b114bd1bd6dc8eb272efdd9b65",
    "synced_at": "2026-09-11T07:05:11.189064+02:00"
  },
  {
    "plan": "engdocs/workflow/plans/2026-09-08-ga-ecwh-typed-worker-receipts.md",
    "plan_hash": "4764a99cd2805364fa0ae3fe236783fe02b802db9fa601055dee8572d772df1a",
    "tracker_hash": "345fa515898941947e788542459c5576f904588986a8ab275eff245c43a20df8",
    "synced_at": "2026-09-11T07:16:04.499592+02:00"
  },
  {
    "plan": "engdocs/workflow/plans/2026-09-08-ga-ecwh-typed-worker-receipts.md",
    "plan_hash": "4764a99cd2805364fa0ae3fe236783fe02b802db9fa601055dee8572d772df1a",
    "tracker_hash": "9d96c930b54313b02fd0e806f8ac28d1bcecc40e9fb71fd1d37ac5682a9d91fd",
    "synced_at": "2026-09-11T07:24:53.593914+02:00"
  },
  {
    "plan": "engdocs/workflow/plans/2026-09-08-ga-ecwh-typed-worker-receipts.md",
    "plan_hash": "4764a99cd2805364fa0ae3fe236783fe02b802db9fa601055dee8572d772df1a",
    "tracker_hash": "9d96c930b54313b02fd0e806f8ac28d1bcecc40e9fb71fd1d37ac5682a9d91fd",
    "synced_at": "2026-09-11T08:52:29.726265+02:00"
  },
  {
    "plan": "engdocs/workflow/plans/2026-09-08-ga-ecwh-typed-worker-receipts.md",
    "plan_hash": "8a8acb1d6f37caf1185b8029592127f3d4162f6e04051fe8353a6aa445748b39",
    "tracker_hash": "ebd8bcc122fd9ebf52b34baac65183d0afc89ecb799dd274e569d1bc46992258",
    "synced_at": "2026-09-11T08:53:59.272976+02:00"
  },
  {
    "plan": "engdocs/workflow/plans/2026-09-08-ga-ecwh-typed-worker-receipts.md",
    "plan_hash": "8a8acb1d6f37caf1185b8029592127f3d4162f6e04051fe8353a6aa445748b39",
    "tracker_hash": "ebd8bcc122fd9ebf52b34baac65183d0afc89ecb799dd274e569d1bc46992258",
    "synced_at": "2026-09-11T09:15:16.407456+02:00"
  },
  {
    "plan": "engdocs/workflow/plans/2026-09-08-ga-ecwh-typed-worker-receipts.md",
    "plan_hash": "a4f3a669f0c02f876d8f4bfec9663ddc7e75edda01d848f4e2c581a3f082dedd",
    "tracker_hash": "84b872efdb23607f307e78f9eacd469e3a1e7f1445c9d9d5174c5005cfe11eb5",
    "synced_at": "2026-09-11T09:16:39.833539+02:00"
  },
  {
    "plan": "engdocs/workflow/plans/2026-09-08-ga-ecwh-typed-worker-receipts.md",
    "plan_hash": "a4f3a669f0c02f876d8f4bfec9663ddc7e75edda01d848f4e2c581a3f082dedd",
    "tracker_hash": "84b872efdb23607f307e78f9eacd469e3a1e7f1445c9d9d5174c5005cfe11eb5",
    "synced_at": "2026-09-11T10:20:45.103284+02:00"
  },
  {
    "plan": "engdocs/workflow/plans/2026-09-08-ga-ecwh-typed-worker-receipts.md",
    "plan_hash": "ea08899661ee5135dcfd75a8273e2404e10cdffb1d1b5cea9b7cd08a7a558e28",
    "tracker_hash": "4443772ea0e529c7c997e0b6adc2ab10a5fb91e7f6b79e964363e575459f694e",
    "synced_at": "2026-09-11T10:30:02.680593+02:00"
  },
  {
    "plan": "engdocs/workflow/plans/2026-09-08-ga-ecwh-typed-worker-receipts.md",
    "plan_hash": "ea08899661ee5135dcfd75a8273e2404e10cdffb1d1b5cea9b7cd08a7a558e28",
    "tracker_hash": "fdc9d68cd50b9c76c13379b4f240c0d299206f98b9684419f7c9ce66dd4468ef",
    "synced_at": "2026-09-11T10:37:57.164249+02:00"
  },
  {
    "plan": "engdocs/workflow/plans/2026-09-08-ga-ecwh-typed-worker-receipts.md",
    "plan_hash": "01cfaee773c4dea467ea136e31c4fb11d53cb304474f04c77fa2f9ba7d59710c",
    "tracker_hash": "91224694e17bd42138f54e11cf10fd127a0dae7a96bde63059f3c17cc90402a4",
    "synced_at": "2026-09-11T10:45:33.546343+02:00"
  },
  {
    "plan": "engdocs/workflow/plans/2026-09-08-ga-ecwh-typed-worker-receipts.md",
    "plan_hash": "390fb2f5a7f0f35093340df869868c8be2958fc2b197e5022efa052212995c7b",
    "tracker_hash": "bc20dfa6981ad6dd86a4b5a47be678ff6ae493c12b1d2fb156e263e2d340065a",
    "synced_at": "2026-09-11T11:01:10.054325+02:00"
  },
  {
    "plan": "engdocs/workflow/plans/2026-09-08-ga-ecwh-typed-worker-receipts.md",
    "plan_hash": "e2a0c9d3bdd733c60f74a32d1ab8be13058ae06457ec1e9af7452b4a647b04f0",
    "tracker_hash": "5e490486f52e3b761577e1143ea4e346784c5d691d14ee98b3ad9e28637fa452",
    "synced_at": "2026-09-11T12:02:38.245679+02:00"
  },
  {
    "plan": "engdocs/workflow/plans/2026-09-08-ga-ecwh-typed-worker-receipts.md",
    "plan_hash": "e2a0c9d3bdd733c60f74a32d1ab8be13058ae06457ec1e9af7452b4a647b04f0",
    "tracker_hash": "5e490486f52e3b761577e1143ea4e346784c5d691d14ee98b3ad9e28637fa452",
    "synced_at": "2026-09-11T12:16:17.463419+02:00"
  },
  {
    "plan": "engdocs/workflow/plans/2026-09-08-ga-ecwh-typed-worker-receipts.md",
    "plan_hash": "cfea202b7adccfaca8af3c46d08f28377aa9567ccdb55d0b225fba3671148775",
    "tracker_hash": "8d79ea55756a6ea482a3588e34ed0cb6f5ed9dcdfa2963cb3a2aa9ffe2f8988b",
    "synced_at": "2026-09-11T12:23:07.218052+02:00"
  },
  {
    "plan": "engdocs/workflow/plans/2026-09-08-ga-ecwh-typed-worker-receipts.md",
    "plan_hash": "cfea202b7adccfaca8af3c46d08f28377aa9567ccdb55d0b225fba3671148775",
    "tracker_hash": "e801fc505c0d941c6ed8aff5cb6d94b9d817c74a4f69a3c4bd3d3cabfcf3891e",
    "synced_at": "2026-09-11T13:02:13.975934+02:00"
  },
  {
    "plan": "engdocs/workflow/plans/2026-09-08-ga-ecwh-typed-worker-receipts.md",
    "plan_hash": "cfea202b7adccfaca8af3c46d08f28377aa9567ccdb55d0b225fba3671148775",
    "tracker_hash": "e801fc505c0d941c6ed8aff5cb6d94b9d817c74a4f69a3c4bd3d3cabfcf3891e",
    "synced_at": "2026-09-11T13:18:23.210575+02:00"
  },
  {
    "plan": "engdocs/workflow/plans/2026-09-08-ga-ecwh-typed-worker-receipts.md",
    "plan_hash": "cfea202b7adccfaca8af3c46d08f28377aa9567ccdb55d0b225fba3671148775",
    "tracker_hash": "51964d9ab57f1e614e1769d23545e9c7404550cb4e22d1aa04e76d9319295b13",
    "synced_at": "2026-09-11T13:20:59.349372+02:00"
  },
  {
    "plan": "engdocs/workflow/plans/2026-09-08-ga-ecwh-typed-worker-receipts.md",
    "plan_hash": "cfea202b7adccfaca8af3c46d08f28377aa9567ccdb55d0b225fba3671148775",
    "tracker_hash": "51964d9ab57f1e614e1769d23545e9c7404550cb4e22d1aa04e76d9319295b13",
    "synced_at": "2026-09-11T13:24:48.017133+02:00"
  },
  {
    "plan": "engdocs/workflow/plans/2026-09-08-ga-ecwh-typed-worker-receipts.md",
    "plan_hash": "cfea202b7adccfaca8af3c46d08f28377aa9567ccdb55d0b225fba3671148775",
    "tracker_hash": "d9b9198b25a65d36ec642bf93d4e30a7df26c29904dd196c99be5823eadbdf2f",
    "synced_at": "2026-09-11T13:41:30.515631+02:00"
  },
  {
    "plan": "engdocs/workflow/plans/2026-09-08-ga-ecwh-typed-worker-receipts.md",
    "plan_hash": "cfea202b7adccfaca8af3c46d08f28377aa9567ccdb55d0b225fba3671148775",
    "tracker_hash": "d9b9198b25a65d36ec642bf93d4e30a7df26c29904dd196c99be5823eadbdf2f",
    "synced_at": "2026-09-11T14:01:56.105915+02:00"
  },
  {
    "plan": "engdocs/workflow/plans/2026-09-08-ga-ecwh-typed-worker-receipts.md",
    "plan_hash": "cfea202b7adccfaca8af3c46d08f28377aa9567ccdb55d0b225fba3671148775",
    "tracker_hash": "2d2d00774cfcb31209ad458a641cecc45af5100d9e5b366cd091b4d330f07ce8",
    "synced_at": "2026-09-11T14:14:44.946460+02:00"
  },
  {
    "plan": "engdocs/workflow/plans/2026-09-08-ga-ecwh-typed-worker-receipts.md",
    "plan_hash": "cfea202b7adccfaca8af3c46d08f28377aa9567ccdb55d0b225fba3671148775",
    "tracker_hash": "2d2d00774cfcb31209ad458a641cecc45af5100d9e5b366cd091b4d330f07ce8",
    "synced_at": "2026-09-11T14:26:17.875854+02:00"
  },
  {
    "plan": "engdocs/workflow/plans/2026-09-08-ga-ecwh-typed-worker-receipts.md",
    "plan_hash": "cfea202b7adccfaca8af3c46d08f28377aa9567ccdb55d0b225fba3671148775",
    "tracker_hash": "f597ff3eac8a6e0790b207524d6909fe3bab218da61b6a4e606d0fbdce157673",
    "synced_at": "2026-09-11T14:37:51.147146+02:00"
  },
  {
    "plan": "engdocs/workflow/plans/2026-09-08-ga-ecwh-typed-worker-receipts.md",
    "plan_hash": "cfea202b7adccfaca8af3c46d08f28377aa9567ccdb55d0b225fba3671148775",
    "tracker_hash": "e56b6646c5f772158917d3c7724bf235ebdd6375f8a5c4fd2965d865ff9e474e",
    "synced_at": "2026-09-11T14:59:15.261797+02:00"
  },
  {
    "plan": "engdocs/workflow/plans/2026-09-08-ga-ecwh-typed-worker-receipts.md",
    "plan_hash": "cfea202b7adccfaca8af3c46d08f28377aa9567ccdb55d0b225fba3671148775",
    "tracker_hash": "e56b6646c5f772158917d3c7724bf235ebdd6375f8a5c4fd2965d865ff9e474e",
    "synced_at": "2026-09-11T15:04:27.838989+02:00"
  },
  {
    "plan": "engdocs/workflow/plans/2026-09-08-ga-ecwh-typed-worker-receipts.md",
    "plan_hash": "cfea202b7adccfaca8af3c46d08f28377aa9567ccdb55d0b225fba3671148775",
    "tracker_hash": "9faaff9f3778d7e22308dce41f563d0de9dfceb3b12b25b4b754292f46bdc88b",
    "synced_at": "2026-09-11T15:18:33.113386+02:00"
  },
  {
    "plan": "engdocs/workflow/plans/2026-09-08-ga-ecwh-typed-worker-receipts.md",
    "plan_hash": "cfea202b7adccfaca8af3c46d08f28377aa9567ccdb55d0b225fba3671148775",
    "tracker_hash": "025c38b2199771ca707fd490b29db21bc41d0f442dfebe835d7dea80aecabfbd",
    "synced_at": "2026-09-11T16:05:47.070138+02:00"
  },
  {
    "plan": "engdocs/workflow/plans/2026-09-08-ga-ecwh-typed-worker-receipts.md",
    "plan_hash": "cfea202b7adccfaca8af3c46d08f28377aa9567ccdb55d0b225fba3671148775",
    "tracker_hash": "2f2f4678bebc0d7b7c6a5d67d308674a1dd700d3eb576799767b87d1469ad020",
    "synced_at": "2026-09-11T16:26:39.192057+02:00"
  },
  {
    "plan": "engdocs/workflow/plans/2026-09-08-ga-ecwh-typed-worker-receipts.md",
    "plan_hash": "cfea202b7adccfaca8af3c46d08f28377aa9567ccdb55d0b225fba3671148775",
    "tracker_hash": "f7a64861cebdb69a95fd268c508ff74e96f05b641428e46c873dfec47e2b9745",
    "synced_at": "2026-09-11T17:14:46.346957+02:00"
  },
  {
    "plan": "engdocs/workflow/plans/2026-09-08-ga-ecwh-typed-worker-receipts.md",
    "plan_hash": "cfea202b7adccfaca8af3c46d08f28377aa9567ccdb55d0b225fba3671148775",
    "tracker_hash": "a5b6d7262841ba0e5ab7326d035a135a417c22a98a80368a2eb844bb89bf18f6",
    "synced_at": "2026-09-11T18:01:53.590740+02:00"
  },
  {
    "plan": "engdocs/workflow/plans/2026-09-08-ga-ecwh-typed-worker-receipts.md",
    "plan_hash": "cfea202b7adccfaca8af3c46d08f28377aa9567ccdb55d0b225fba3671148775",
    "tracker_hash": "11b34dbfe2de4e3ca2e877acb144fef3f894eec1c9fc2da56adeccba09627a2d",
    "synced_at": "2026-09-11T18:36:07.233993+02:00"
  },
  {
    "plan": "engdocs/workflow/plans/2026-09-08-ga-ecwh-typed-worker-receipts.md",
    "plan_hash": "cfea202b7adccfaca8af3c46d08f28377aa9567ccdb55d0b225fba3671148775",
    "tracker_hash": "f9b18a780251a2a9c2e7ab574ce7a4e3368f8fa3b3b5b3ebbc3c89e9d88d0186",
    "synced_at": "2026-09-11T19:25:27.268153+02:00"
  },
  {
    "plan": "engdocs/workflow/plans/2026-09-08-ga-ecwh-typed-worker-receipts.md",
    "plan_hash": "cfea202b7adccfaca8af3c46d08f28377aa9567ccdb55d0b225fba3671148775",
    "tracker_hash": "beeb1cf6325ea20c0ba412c0284ca1cbc1f5b1ece12e2d7f0179a31a186db18b",
    "synced_at": "2026-09-11T20:00:44.827361+02:00"
  },
  {
    "plan": "engdocs/workflow/plans/2026-09-08-ga-ecwh-typed-worker-receipts.md",
    "plan_hash": "cfea202b7adccfaca8af3c46d08f28377aa9567ccdb55d0b225fba3671148775",
    "tracker_hash": "e380e5d1745c71240585dd037de497466a4374e0f677750d754dc4c371751978",
    "synced_at": "2026-09-11T20:40:59.282290+02:00"
  },
  {
    "plan": "engdocs/workflow/plans/2026-09-08-ga-ecwh-typed-worker-receipts.md",
    "plan_hash": "cfea202b7adccfaca8af3c46d08f28377aa9567ccdb55d0b225fba3671148775",
    "tracker_hash": "e380e5d1745c71240585dd037de497466a4374e0f677750d754dc4c371751978",
    "synced_at": "2026-09-11T20:55:15.633675+02:00"
  },
  {
    "plan": "engdocs/workflow/plans/2026-09-08-ga-ecwh-typed-worker-receipts.md",
    "plan_hash": "cfea202b7adccfaca8af3c46d08f28377aa9567ccdb55d0b225fba3671148775",
    "tracker_hash": "959a405428590b2241247424f89ac32939829f8dd263886459666aa4112cb3fb",
    "synced_at": "2026-09-11T21:11:05.128754+02:00"
  },
  {
    "plan": "engdocs/workflow/plans/2026-09-08-ga-ecwh-typed-worker-receipts.md",
    "plan_hash": "cfea202b7adccfaca8af3c46d08f28377aa9567ccdb55d0b225fba3671148775",
    "tracker_hash": "959a405428590b2241247424f89ac32939829f8dd263886459666aa4112cb3fb",
    "synced_at": "2026-09-11T21:43:58.535535+02:00"
  },
  {
    "plan": "engdocs/workflow/plans/2026-09-08-ga-ecwh-typed-worker-receipts.md",
    "plan_hash": "cfea202b7adccfaca8af3c46d08f28377aa9567ccdb55d0b225fba3671148775",
    "tracker_hash": "ca9fe4de602b8f9d47303e5877fe8a51a593bc1909009bd0d2ec6e606409fa63",
    "synced_at": "2026-09-11T22:20:12.374297+02:00"
  },
  {
    "plan": "engdocs/workflow/plans/2026-09-08-ga-ecwh-typed-worker-receipts.md",
    "plan_hash": "be5c35901404e3c410bb089840eb0cafbba698d0bff02282c8571e805bb74c2d",
    "tracker_hash": "538be512135d9b1b046ddd6f6935b8a62878821174d274713921ec2025158d09",
    "synced_at": "2026-09-11T22:55:38.104660+02:00"
  },
  {
    "plan": "engdocs/workflow/plans/2026-09-08-ga-ecwh-typed-worker-receipts.md",
    "plan_hash": "7796e4bc553caf61577ffb3f0d228bca75199cc73db36db1e57736051be44eb4",
    "tracker_hash": "c052469d7b4aa8d203f655981924314b1453a3308a4df7c03a56f40b62fc9c13",
    "synced_at": "2026-09-11T23:07:06.552468+02:00"
  },
  {
    "plan": "engdocs/workflow/plans/2026-09-08-ga-ecwh-typed-worker-receipts.md",
    "plan_hash": "f18c988ca29071bdaf3a14a927f19ebf7304d3f248398e74c4ec955af6f3ebf0",
    "tracker_hash": "532f467fa453626350501baf67e9ca95055f5c1ec5ed651b838b5175e0493103",
    "synced_at": "2026-09-11T23:38:37.235672+02:00"
  },
  {
    "plan": "engdocs/workflow/plans/2026-09-08-ga-ecwh-typed-worker-receipts.md",
    "plan_hash": "f18c988ca29071bdaf3a14a927f19ebf7304d3f248398e74c4ec955af6f3ebf0",
    "tracker_hash": "1d1b9b2dd81a6a856d6448888c16fb73a7105c14bcb1c289fa29c2779ec635d4",
    "synced_at": "2026-09-12T00:06:31.067372+02:00"
  },
  {
    "plan": "engdocs/workflow/plans/2026-09-08-ga-ecwh-typed-worker-receipts.md",
    "plan_hash": "3be6d7253050c27730c515032058e23925044978d7993031aa6797cfb07cd6c8",
    "tracker_hash": "b3849e27554182d985f8c746be395605b2ddeb060e22a19d28e139582ec96bd4",
    "synced_at": "2026-09-12T00:09:10.094177+02:00"
  },
  {
    "plan": "engdocs/workflow/plans/2026-09-08-ga-ecwh-typed-worker-receipts.md",
    "plan_hash": "3be6d7253050c27730c515032058e23925044978d7993031aa6797cfb07cd6c8",
    "tracker_hash": "f82328ebf270129340170857f63dec10ef102754b63b1dc0514895879136ab1a",
    "synced_at": "2026-09-12T00:14:21.711972+02:00"
  },
  {
    "plan": "engdocs/workflow/plans/2026-09-08-ga-ecwh-typed-worker-receipts.md",
    "plan_hash": "3be6d7253050c27730c515032058e23925044978d7993031aa6797cfb07cd6c8",
    "tracker_hash": "fe21f0b2f0ef35c7984bb96b923f173cb75f73fe22e552c77e490919529c3143",
    "synced_at": "2026-09-12T01:29:09.404183+02:00"
  },
  {
    "plan": "engdocs/workflow/plans/2026-09-08-ga-ecwh-typed-worker-receipts.md",
    "plan_hash": "3be6d7253050c27730c515032058e23925044978d7993031aa6797cfb07cd6c8",
    "tracker_hash": "48191148ace7a5f39a13f63264a4f995ccc6e46b6f5adef9a96faf1c67321ef2",
    "synced_at": "2026-09-12T02:13:15.574444+02:00"
  },
  {
    "plan": "engdocs/workflow/plans/2026-09-08-ga-ecwh-typed-worker-receipts.md",
    "plan_hash": "3be6d7253050c27730c515032058e23925044978d7993031aa6797cfb07cd6c8",
    "tracker_hash": "ff25136311b5e176af76b5103f51470b21cbdeb05e3b90f2a269030050704dd6",
    "synced_at": "2026-09-12T03:27:27.704232+02:00"
  },
  {
    "plan": "engdocs/workflow/plans/2026-09-08-ga-ecwh-typed-worker-receipts.md",
    "plan_hash": "3be6d7253050c27730c515032058e23925044978d7993031aa6797cfb07cd6c8",
    "tracker_hash": "6e74d10630fc521121f4b4dfeadd04b14d141c6a985c5c800dbcee2ad804a1dd",
    "synced_at": "2026-09-12T08:33:59.682500+02:00"
  },
  {
    "plan": "engdocs/workflow/plans/2026-09-08-ga-ecwh-typed-worker-receipts.md",
    "plan_hash": "3be6d7253050c27730c515032058e23925044978d7993031aa6797cfb07cd6c8",
    "tracker_hash": "fc21eff51b132b18b9efa1c231f211fd1da86260dbb7e52f2c180790b204b5a7",
    "synced_at": "2026-09-12T10:50:11.546276+02:00"
  },
  {
    "plan": "engdocs/workflow/plans/2026-09-08-ga-ecwh-typed-worker-receipts.md",
    "plan_hash": "3be6d7253050c27730c515032058e23925044978d7993031aa6797cfb07cd6c8",
    "tracker_hash": "dcc2de97dc317f59861a04a6b8bc8df04182821cd5fc9f70e8af8d30605062e1",
    "synced_at": "2026-09-12T11:25:49.118435+02:00"
  },
  {
    "plan": "engdocs/workflow/plans/2026-09-08-ga-ecwh-typed-worker-receipts.md",
    "plan_hash": "3be6d7253050c27730c515032058e23925044978d7993031aa6797cfb07cd6c8",
    "tracker_hash": "dcc2de97dc317f59861a04a6b8bc8df04182821cd5fc9f70e8af8d30605062e1",
    "synced_at": "2026-09-12T12:57:22.129933+02:00"
  },
  {
    "plan": "engdocs/workflow/plans/2026-09-08-ga-ecwh-typed-worker-receipts.md",
    "plan_hash": "3be6d7253050c27730c515032058e23925044978d7993031aa6797cfb07cd6c8",
    "tracker_hash": "7a9de8cbc5e9fee77c7ed2816c6a3d194d7cd2cbde829e3b607e6611cd3072de",
    "synced_at": "2026-09-12T13:06:27.462039+02:00"
  },
  {
    "plan": "engdocs/workflow/plans/2026-09-08-ga-ecwh-typed-worker-receipts.md",
    "plan_hash": "3be6d7253050c27730c515032058e23925044978d7993031aa6797cfb07cd6c8",
    "tracker_hash": "ce47818359388933081fba7039b231a6691aaf2d93d4891c8c804547f1b6b913",
    "synced_at": "2026-09-12T14:59:13.019582+02:00"
  },
  {
    "plan": "engdocs/workflow/plans/2026-09-08-ga-ecwh-typed-worker-receipts.md",
    "plan_hash": "3be6d7253050c27730c515032058e23925044978d7993031aa6797cfb07cd6c8",
    "tracker_hash": "05d996d16aef3ecef4e521fc27791891ac685db50f5bbfc0a14edc41f06cbb6b",
    "synced_at": "2026-09-12T15:32:29.264893+02:00"
  },
  {
    "plan": "engdocs/workflow/plans/2026-09-08-ga-ecwh-typed-worker-receipts.md",
    "plan_hash": "3be6d7253050c27730c515032058e23925044978d7993031aa6797cfb07cd6c8",
    "tracker_hash": "32e57ec3dbbeab63f8dc45b24d373499a05c89182e71a8b609e50a507036c188",
    "synced_at": "2026-09-12T17:21:22.717060+02:00"
  },
  {
    "plan": "engdocs/workflow/plans/2026-09-08-ga-ecwh-typed-worker-receipts.md",
    "plan_hash": "3be6d7253050c27730c515032058e23925044978d7993031aa6797cfb07cd6c8",
    "tracker_hash": "1a22d51412a67dd3cdd32747b7a99fb0c1d2af9b1c2bd7a8100e9cec3c034992",
    "synced_at": "2026-09-12T19:16:18.494469+02:00"
  },
  {
    "plan": "engdocs/workflow/plans/2026-09-08-ga-ecwh-typed-worker-receipts.md",
    "plan_hash": "3be6d7253050c27730c515032058e23925044978d7993031aa6797cfb07cd6c8",
    "tracker_hash": "605ab1527d7f49ff78366d085f0a85fd0c248c8cf564f2ce562a31062870c523",
    "synced_at": "2026-09-12T20:10:37.578901+02:00"
  },
  {
    "plan": "engdocs/workflow/plans/2026-09-08-ga-ecwh-typed-worker-receipts.md",
    "plan_hash": "3be6d7253050c27730c515032058e23925044978d7993031aa6797cfb07cd6c8",
    "tracker_hash": "1542b67c733b9e81a25f375f963b6bdea073c1845ec4bbc9bbff1e5c0618683e",
    "synced_at": "2026-09-12T20:42:24.443961+02:00"
  },
  {
    "plan": "engdocs/workflow/plans/2026-09-08-ga-ecwh-typed-worker-receipts.md",
    "plan_hash": "3be6d7253050c27730c515032058e23925044978d7993031aa6797cfb07cd6c8",
    "tracker_hash": "a479969958b255f677ce9aa4625dcadfaaa77160fb01e7a745eafd3bec5b28a5",
    "synced_at": "2026-09-12T21:27:45.754604+02:00"
  },
  {
    "plan": "engdocs/workflow/plans/2026-09-08-ga-ecwh-typed-worker-receipts.md",
    "plan_hash": "3be6d7253050c27730c515032058e23925044978d7993031aa6797cfb07cd6c8",
    "tracker_hash": "575fd918606042d5fcead51327cf8aa93acc5e662916ea8c59f7c4430e8e8769",
    "synced_at": "2026-09-12T23:33:28.696729+02:00"
  },
  {
    "plan": "engdocs/workflow/plans/2026-09-08-ga-ecwh-typed-worker-receipts.md",
    "plan_hash": "3be6d7253050c27730c515032058e23925044978d7993031aa6797cfb07cd6c8",
    "tracker_hash": "669a939a80827f3015115c21ab2d59978efc1f825ccfe537b90a82a58c794080",
    "synced_at": "2026-09-13T00:07:56.978122+02:00"
  },
  {
    "plan": "engdocs/workflow/plans/2026-09-08-ga-ecwh-typed-worker-receipts.md",
    "plan_hash": "3be6d7253050c27730c515032058e23925044978d7993031aa6797cfb07cd6c8",
    "tracker_hash": "dd1dfa8e4979722dd830962a335f8dc4d8f270f23bd3369470cf9efd55e5f5aa",
    "synced_at": "2026-09-13T00:21:45.732431+02:00"
  },
  {
    "plan": "engdocs/workflow/plans/2026-09-08-ga-ecwh-typed-worker-receipts.md",
    "plan_hash": "3be6d7253050c27730c515032058e23925044978d7993031aa6797cfb07cd6c8",
    "tracker_hash": "accfdbc34f260c1fba650f7ca46eb11d83f9fe74268f5622686c94b0aab222c7",
    "synced_at": "2026-09-13T01:08:51.849574+02:00"
  },
  {
    "plan": "engdocs/workflow/plans/2026-09-08-ga-ecwh-typed-worker-receipts.md",
    "plan_hash": "3be6d7253050c27730c515032058e23925044978d7993031aa6797cfb07cd6c8",
    "tracker_hash": "76ad8f561284f33e239f9c1c4f1523679e524b6e8006d3451329208ced024a8d",
    "synced_at": "2026-09-13T01:22:02.988115+02:00"
  },
  {
    "plan": "engdocs/workflow/plans/2026-09-08-ga-ecwh-typed-worker-receipts.md",
    "plan_hash": "ca2be4171aadbc61141f4510b233985da9d19e74b8cb2bb6310c5a5d4186670d",
    "tracker_hash": "20a4afa40575033a60137f699717f9e09b63b75060410693b4724d4809e1ef96",
    "synced_at": "2026-09-13T01:36:04.932993+02:00"
  },
  {
    "plan": "engdocs/workflow/plans/2026-09-08-ga-ecwh-typed-worker-receipts.md",
    "plan_hash": "ca2be4171aadbc61141f4510b233985da9d19e74b8cb2bb6310c5a5d4186670d",
    "tracker_hash": "d20ddf94623950a0efad4380befdd8010e60b422e80b5a75984b1ecfd891d8f0",
    "synced_at": "2026-09-13T02:18:39.209247+02:00"
  },
  {
    "plan": "engdocs/workflow/plans/2026-09-08-ga-ecwh-typed-worker-receipts.md",
    "plan_hash": "daa80717a8efc78f52ed7fdbd3fca661268a7301f3653a4e49ede5b252907e1b",
    "tracker_hash": "94aa762a4251ef58b99fe20b4488e83d2de83c9f7f3f27a1c54c0d150b8e4e6f",
    "synced_at": "2026-09-13T02:51:20.114597+02:00"
  },
  {
    "plan": "engdocs/workflow/plans/2026-09-08-ga-ecwh-typed-worker-receipts.md",
    "plan_hash": "c78edb577126fdc1912193631de5adb3b96a79a9d09d7bef89e6a8a87fa194da",
    "tracker_hash": "6664fa752a34ab643bb3aef7ca0781e7783b464b7c4007162fa2aa88bf71554c",
    "synced_at": "2026-09-13T03:27:31.167357+02:00"
  },
  {
    "plan": "engdocs/workflow/plans/2026-09-08-ga-ecwh-typed-worker-receipts.md",
    "plan_hash": "8372f7948d610913e040b2f3927d852817f2b090ed166ae880337a0063ebde96",
    "tracker_hash": "d0e2af969dfc42824b0f4227a6f9cf77087d2d4bba79ed02db6a05090599f0e3",
    "synced_at": "2026-09-13T03:54:02.105499+02:00"
  },
  {
    "plan": "engdocs/workflow/plans/2026-09-08-ga-ecwh-typed-worker-receipts.md",
    "plan_hash": "417c30b4eab0e138bf0a14db0d9272f155ee307c7dfaac25417ffbf5d316993c",
    "tracker_hash": "bbe60acb54647922407b1211e178910459b055400fe2a0bcb1a73e713a5e5dfc",
    "synced_at": "2026-09-13T04:10:06.315673+02:00"
  },
  {
    "plan": "engdocs/workflow/plans/2026-09-08-ga-ecwh-typed-worker-receipts.md",
    "plan_hash": "ec7a5794dc447a5b859e02318f3bdf0ed5ec5798c8050d2b8dc11a2218aeb1f4",
    "tracker_hash": "09c74f7c47d2ec836f9a4fdc96292cebef7b3aed18cc7e848d43eab067aac078",
    "synced_at": "2026-09-13T04:44:01.894147+02:00"
  },
  {
    "plan": "engdocs/workflow/plans/2026-09-08-ga-ecwh-typed-worker-receipts.md",
    "plan_hash": "c9d72f2be0462739087b577c5d7c1233d163dc1cca5fe9fd9f0943cb03852017",
    "tracker_hash": "533d372eb4f9ac0fba8a44d9a0466c418594d4a83b2862660edd21a9c71b1ce6",
    "synced_at": "2026-09-13T05:12:33.910484+02:00"
  },
  {
    "plan": "engdocs/workflow/plans/2026-09-08-ga-ecwh-typed-worker-receipts.md",
    "plan_hash": "0522bab9541f33ccb72a3c0f88687ed235687161c968ab8eff4d67d01cfbea95",
    "tracker_hash": "4a78f99a63bf4e7f4904c3ffb8d15d22b16612d2262e11dd4af51b4ff6b0acb2",
    "synced_at": "2026-09-13T05:33:36.775808+02:00"
  },
  {
    "plan": "engdocs/workflow/plans/2026-09-08-ga-ecwh-typed-worker-receipts.md",
    "plan_hash": "177cf606140d0a907657eebc713c33bc6caa7a1d4e1c69698e4e53a4b6fc86e9",
    "tracker_hash": "3ebb60afed647daee3f31254b22a818966f1c4a572b2ce720aef01f655dd1dc0",
    "synced_at": "2026-09-13T06:49:04.625155+02:00"
  },
  {
    "plan": "engdocs/workflow/plans/2026-09-08-ga-ecwh-typed-worker-receipts.md",
    "plan_hash": "177cf606140d0a907657eebc713c33bc6caa7a1d4e1c69698e4e53a4b6fc86e9",
    "tracker_hash": "3ebb60afed647daee3f31254b22a818966f1c4a572b2ce720aef01f655dd1dc0",
    "synced_at": "2026-09-13T06:58:22.132141+02:00"
  },
  {
    "plan": "engdocs/workflow/plans/2026-09-08-ga-ecwh-typed-worker-receipts.md",
    "plan_hash": "177cf606140d0a907657eebc713c33bc6caa7a1d4e1c69698e4e53a4b6fc86e9",
    "tracker_hash": "b48c87a74bc3ea0ba460b0c8d8e8bc7cc6557fd2135ff64b4e7880133e5a4de5",
    "synced_at": "2026-09-13T07:09:17.805151+02:00"
  },
  {
    "plan": "engdocs/workflow/plans/2026-09-08-ga-ecwh-typed-worker-receipts.md",
    "plan_hash": "177cf606140d0a907657eebc713c33bc6caa7a1d4e1c69698e4e53a4b6fc86e9",
    "tracker_hash": "0645cd7d033b5cf306be71a2791fdb351bccc807f59c8ea75f364d66509b6787",
    "synced_at": "2026-09-13T07:50:16.842569+02:00"
  },
  {
    "plan": "engdocs/workflow/plans/2026-09-08-ga-ecwh-typed-worker-receipts.md",
    "plan_hash": "177cf606140d0a907657eebc713c33bc6caa7a1d4e1c69698e4e53a4b6fc86e9",
    "tracker_hash": "099d1fd389662aa418bd270013b0760b124e1a2957463710c6b978bd06d3dd11",
    "synced_at": "2026-09-13T08:21:52.240852+02:00"
  },
  {
    "plan": "engdocs/workflow/plans/2026-09-08-ga-ecwh-typed-worker-receipts.md",
    "plan_hash": "177cf606140d0a907657eebc713c33bc6caa7a1d4e1c69698e4e53a4b6fc86e9",
    "tracker_hash": "61ece0d59c902ba1c19058b9f5f0b5c27a325b2ed198195fe7c0b5ee586ea6da",
    "synced_at": "2026-09-13T08:48:02.555731+02:00"
  },
  {
    "plan": "engdocs/workflow/plans/2026-09-08-ga-ecwh-typed-worker-receipts.md",
    "plan_hash": "177cf606140d0a907657eebc713c33bc6caa7a1d4e1c69698e4e53a4b6fc86e9",
    "tracker_hash": "604e08b386d1eb6e4c8e1d424630d8c04cb7f2fe9f4979bfe668dd772caf22e3",
    "synced_at": "2026-09-13T09:23:25.099063+02:00"
  },
  {
    "plan": "engdocs/workflow/plans/2026-09-08-ga-ecwh-typed-worker-receipts.md",
    "plan_hash": "177cf606140d0a907657eebc713c33bc6caa7a1d4e1c69698e4e53a4b6fc86e9",
    "tracker_hash": "cddc6d03d00519c3c1fb8b3f56b6c18da63f3f46d555add5f80f5263a0a647a8",
    "synced_at": "2026-09-13T10:46:10.413477+02:00"
  },
  {
    "plan": "engdocs/workflow/plans/2026-09-08-ga-ecwh-typed-worker-receipts.md",
    "plan_hash": "177cf606140d0a907657eebc713c33bc6caa7a1d4e1c69698e4e53a4b6fc86e9",
    "tracker_hash": "6d7d8c609939dd78438f327dda31e2cc563b05b8b61e59a0c3175dfe482bb3cc",
    "synced_at": "2026-09-13T11:23:46.635880+02:00"
  },
  {
    "plan": "engdocs/workflow/plans/2026-09-08-ga-ecwh-typed-worker-receipts.md",
    "plan_hash": "177cf606140d0a907657eebc713c33bc6caa7a1d4e1c69698e4e53a4b6fc86e9",
    "tracker_hash": "c534359c168b4e98a5a970969b6c3cd14d7c75c18eb11d42c3bb40fb3d57c5f5",
    "synced_at": "2026-09-13T11:42:51.248893+02:00"
  },
  {
    "plan": "engdocs/workflow/plans/2026-09-08-ga-ecwh-typed-worker-receipts.md",
    "plan_hash": "177cf606140d0a907657eebc713c33bc6caa7a1d4e1c69698e4e53a4b6fc86e9",
    "tracker_hash": "15f60bc60d16cc233c63ebe2c520370ea2ff5370966c5c63837beb8d3fc07086",
    "synced_at": "2026-09-13T12:58:31.995597+02:00"
  },
  {
    "plan": "engdocs/workflow/plans/2026-09-08-ga-ecwh-typed-worker-receipts.md",
    "plan_hash": "177cf606140d0a907657eebc713c33bc6caa7a1d4e1c69698e4e53a4b6fc86e9",
    "tracker_hash": "aa07ed83f062df178e3ab8c443a46b9150c096d89899ebb23f7a644b0f94da86",
    "synced_at": "2026-09-13T13:40:16.205197+02:00"
  },
  {
    "plan": "engdocs/workflow/plans/2026-09-08-ga-ecwh-typed-worker-receipts.md",
    "plan_hash": "177cf606140d0a907657eebc713c33bc6caa7a1d4e1c69698e4e53a4b6fc86e9",
    "tracker_hash": "aa07ed83f062df178e3ab8c443a46b9150c096d89899ebb23f7a644b0f94da86",
    "synced_at": "2026-09-13T14:09:10.262106+02:00"
  },
  {
    "plan": "engdocs/workflow/plans/2026-09-08-ga-ecwh-typed-worker-receipts.md",
    "plan_hash": "3b738e62e741de13ccbe039a48b0d2f20213bb828ac1271ccf3589a5247f0ab9",
    "tracker_hash": "245417699c711549cfe5f3e38ab214cd6803114a43dadcd5d6d260e29dd5c76b",
    "synced_at": "2026-09-13T22:15:11.015825+02:00"
  },
  {
    "plan": "engdocs/workflow/plans/2026-09-08-ga-ecwh-typed-worker-receipts.md",
    "plan_hash": "204278c4df1e80ca04774aaed355a5cc93d25ecbf2b3d9a705b62b8a6c396426",
    "tracker_hash": "14a4de5431c920bf186002f476db9aa9258b46a6497f747c5730c7f031de388e",
    "synced_at": "2026-09-13T22:35:16.026104+02:00"
  },
  {
    "plan": "engdocs/workflow/plans/2026-09-08-ga-ecwh-typed-worker-receipts.md",
    "plan_hash": "204278c4df1e80ca04774aaed355a5cc93d25ecbf2b3d9a705b62b8a6c396426",
    "tracker_hash": "14a4de5431c920bf186002f476db9aa9258b46a6497f747c5730c7f031de388e",
    "synced_at": "2026-09-13T23:04:00.320469+02:00"
  },
  {
    "plan": "engdocs/workflow/plans/2026-09-08-ga-ecwh-typed-worker-receipts.md",
    "plan_hash": "20a2f606835a56d258f06036ee3218d3c3cfffc33617750d3cf5c2d03ebd3d4d",
    "tracker_hash": "1d5acdb2295de41bcfc5f5e554e627d3e9de4244797ef1fcdab912ae60193230",
    "synced_at": "2026-09-13T23:17:16.350418+02:00"
  },
  {
    "plan": "engdocs/workflow/plans/2026-09-08-ga-ecwh-typed-worker-receipts.md",
    "plan_hash": "20a2f606835a56d258f06036ee3218d3c3cfffc33617750d3cf5c2d03ebd3d4d",
    "tracker_hash": "1d5acdb2295de41bcfc5f5e554e627d3e9de4244797ef1fcdab912ae60193230",
    "synced_at": "2026-09-14T10:35:38.039590+02:00"
  },
  {
    "plan": "engdocs/workflow/plans/2026-09-08-ga-ecwh-typed-worker-receipts.md",
    "plan_hash": "20a2f606835a56d258f06036ee3218d3c3cfffc33617750d3cf5c2d03ebd3d4d",
    "tracker_hash": "e26411b95512f72d282d81b3d284b263ccfdd46dfde2569a8ddaf616bd1b4b83",
    "synced_at": "2026-09-14T10:52:13.866411+02:00"
  },
  {
    "plan": "engdocs/workflow/plans/2026-09-08-ga-ecwh-typed-worker-receipts.md",
    "plan_hash": "cf1b6bcd09f0652c8152950b82c60d190710582d5f530fa0d5f9b8d98fe9c066",
    "tracker_hash": "cc5d3c8e0906b500df309a9c100f8963ebf4b5bb16c07a68ff1c63658d2d9dab",
    "synced_at": "2026-09-14T11:25:26.219105+02:00"
  },
  {
    "plan": "engdocs/workflow/plans/2026-09-08-ga-ecwh-typed-worker-receipts.md",
    "plan_hash": "cf1b6bcd09f0652c8152950b82c60d190710582d5f530fa0d5f9b8d98fe9c066",
    "tracker_hash": "cc5d3c8e0906b500df309a9c100f8963ebf4b5bb16c07a68ff1c63658d2d9dab",
    "synced_at": "2026-09-14T11:25:31.790147+02:00"
  },
  {
    "plan": "engdocs/workflow/plans/2026-09-08-ga-ecwh-typed-worker-receipts.md",
    "plan_hash": "2906aaac6fe96a35470eb00c7b96f6c56cbed6524af52dc33f83c06f48c85a50",
    "tracker_hash": "2b22b6999c94bfff6e28f43b6bb0612886f6d559906f3359db6164410209b3ec",
    "synced_at": "2026-09-14T11:57:04.669717+02:00"
  },
  {
    "plan": "engdocs/workflow/plans/2026-09-08-ga-ecwh-typed-worker-receipts.md",
    "plan_hash": "2906aaac6fe96a35470eb00c7b96f6c56cbed6524af52dc33f83c06f48c85a50",
    "tracker_hash": "2b22b6999c94bfff6e28f43b6bb0612886f6d559906f3359db6164410209b3ec",
    "synced_at": "2026-09-14T11:57:08.939407+02:00"
  },
  {
    "plan": "engdocs/workflow/plans/2026-09-08-ga-ecwh-typed-worker-receipts.md",
    "plan_hash": "2906aaac6fe96a35470eb00c7b96f6c56cbed6524af52dc33f83c06f48c85a50",
    "tracker_hash": "2b22b6999c94bfff6e28f43b6bb0612886f6d559906f3359db6164410209b3ec",
    "synced_at": "2026-09-19T20:34:27.063438+02:00"
  },
  {
    "plan": "engdocs/workflow/plans/2026-09-08-ga-ecwh-typed-worker-receipts.md",
    "plan_hash": "2906aaac6fe96a35470eb00c7b96f6c56cbed6524af52dc33f83c06f48c85a50",
    "tracker_hash": "e53d2516bc4dd43c70fa224d0d51d39383731aec47e6354a6b4170c482e79878",
    "synced_at": "2026-09-19T20:35:00.303218+02:00"
  },
  {
    "plan": "engdocs/workflow/plans/2026-09-08-ga-ecwh-typed-worker-receipts.md",
    "plan_hash": "3f88deb206e0bc77714a37325027e2245a7b1951c5a4d41904474c95e63b94f3",
    "tracker_hash": "a77588955cf4f3263ca4f5bd2861f22f9165b19605a36cfd60ca1bf189da1981",
    "synced_at": "2026-09-19T20:45:19.800761+02:00"
  },
  {
    "plan": "engdocs/workflow/plans/2026-09-08-ga-ecwh-typed-worker-receipts.md",
    "plan_hash": "3f88deb206e0bc77714a37325027e2245a7b1951c5a4d41904474c95e63b94f3",
    "tracker_hash": "e4983b3779c5f46140e2904dff2f7f561e6bfe69027a79207285197219da4781",
    "synced_at": "2026-09-19T20:50:26.898586+02:00"
  },
  {
    "plan": "engdocs/workflow/plans/2026-09-08-ga-ecwh-typed-worker-receipts.md",
    "plan_hash": "3f88deb206e0bc77714a37325027e2245a7b1951c5a4d41904474c95e63b94f3",
    "tracker_hash": "e4983b3779c5f46140e2904dff2f7f561e6bfe69027a79207285197219da4781",
    "synced_at": "2026-09-19T20:57:16.383377+02:00"
  },
  {
    "plan": "engdocs/workflow/plans/2026-09-08-ga-ecwh-typed-worker-receipts.md",
    "plan_hash": "3f88deb206e0bc77714a37325027e2245a7b1951c5a4d41904474c95e63b94f3",
    "tracker_hash": "b2685353f43863a887c6a13e519813f2b43d88a1935314525446557958d7429d",
    "synced_at": "2026-09-19T21:04:55.369809+02:00"
  }
]
